cc -O2 -std=c11 -Wall -Wextra -DLZMESH_SCALAR -I$P/include -c dec-d1.c
cc -O2 -std=c11 -Wall -Wextra -DLZMESH_SCALAR -I$P/include -c lzmesh_enc.c
cc -DLZMESH_SCALAR /Users/meganrowlinson/Projects/LZMESH-batch/port/tests/unit/test_boundary.c
cc -DLZMESH_SCALAR /Users/meganrowlinson/Projects/LZMESH-batch/port/tests/unit/test_comp_roundtrip.c
cc -DLZMESH_SCALAR /Users/meganrowlinson/Projects/LZMESH-batch/port/tests/unit/test_e00_vectors.c
cc -DLZMESH_SCALAR /Users/meganrowlinson/Projects/LZMESH-batch/port/tests/unit/test_framing.c
cc -DLZMESH_SCALAR /Users/meganrowlinson/Projects/LZMESH-batch/port/tests/unit/test_huff_suffix.c
cc -DLZMESH_SCALAR /Users/meganrowlinson/Projects/LZMESH-batch/port/tests/unit/test_m16_db7.c
cc -DLZMESH_SCALAR /Users/meganrowlinson/Projects/LZMESH-batch/port/tests/unit/test_m16_mtf_za.c
cc -DLZMESH_SCALAR /Users/meganrowlinson/Projects/LZMESH-batch/port/tests/unit/test_m16_shapep_eb4.c
cc -DLZMESH_SCALAR /Users/meganrowlinson/Projects/LZMESH-batch/port/tests/unit/test_m19_c21.c
cc -DLZMESH_SCALAR /Users/meganrowlinson/Projects/LZMESH-batch/port/tests/unit/test_m19_cli_cap.c
cc -DLZMESH_SCALAR /Users/meganrowlinson/Projects/LZMESH-batch/port/tests/unit/test_m19_m12.c
cc -DLZMESH_SCALAR /Users/meganrowlinson/Projects/LZMESH-batch/port/tests/unit/test_m19_shapep_long.c
cc -DLZMESH_SCALAR /Users/meganrowlinson/Projects/LZMESH-batch/port/tests/unit/test_m21_shapep_suf.c
cc -DLZMESH_SCALAR /Users/meganrowlinson/Projects/LZMESH-batch/port/tests/unit/test_m21_wrap_split.c
cc -DLZMESH_SCALAR /Users/meganrowlinson/Projects/LZMESH-batch/port/tests/unit/test_m22_e2a.c
cc -DLZMESH_SCALAR /Users/meganrowlinson/Projects/LZMESH-batch/port/tests/unit/test_m22_shaper.c
cc -DLZMESH_SCALAR /Users/meganrowlinson/Projects/LZMESH-batch/port/tests/unit/test_m23_match_wrap.c
cc -DLZMESH_SCALAR /Users/meganrowlinson/Projects/LZMESH-batch/port/tests/unit/test_m24_e2a_tail.c
cc -DLZMESH_SCALAR /Users/meganrowlinson/Projects/LZMESH-batch/port/tests/unit/test_m24_u6q_dec.c
cc -DLZMESH_SCALAR /Users/meganrowlinson/Projects/LZMESH-batch/port/tests/unit/test_m25_shaper12.c
cc -DLZMESH_SCALAR /Users/meganrowlinson/Projects/LZMESH-batch/port/tests/unit/test_m25_shaper12_veto.c
cc -DLZMESH_SCALAR /Users/meganrowlinson/Projects/LZMESH-batch/port/tests/unit/test_m26_shaper12b.c
cc -DLZMESH_SCALAR /Users/meganrowlinson/Projects/LZMESH-batch/port/tests/unit/test_m26_shaper12b_veto.c
cc -DLZMESH_SCALAR /Users/meganrowlinson/Projects/LZMESH-batch/port/tests/unit/test_m27_e2c_veto.c
cc -DLZMESH_SCALAR /Users/meganrowlinson/Projects/LZMESH-batch/port/tests/unit/test_m27_tokrepeat.c
cc -DLZMESH_SCALAR /Users/meganrowlinson/Projects/LZMESH-batch/port/tests/unit/test_m29_e2b_term.c
cc -DLZMESH_SCALAR /Users/meganrowlinson/Projects/LZMESH-batch/port/tests/unit/test_m30_shaper12cd.c
cc -DLZMESH_SCALAR /Users/meganrowlinson/Projects/LZMESH-batch/port/tests/unit/test_m30_shaper12cd_veto.c
cc -DLZMESH_SCALAR /Users/meganrowlinson/Projects/LZMESH-batch/port/tests/unit/test_m31_b1_len.c
cc -DLZMESH_SCALAR /Users/meganrowlinson/Projects/LZMESH-batch/port/tests/unit/test_m31_b3_index.c
cc -DLZMESH_SCALAR /Users/meganrowlinson/Projects/LZMESH-batch/port/tests/unit/test_m31_q1_gate.c
cc -DLZMESH_SCALAR /Users/meganrowlinson/Projects/LZMESH-batch/port/tests/unit/test_m31_q1_skip.c
cc -DLZMESH_SCALAR /Users/meganrowlinson/Projects/LZMESH-batch/port/tests/unit/test_m32_slots_fixa.c
cc -DLZMESH_SCALAR /Users/meganrowlinson/Projects/LZMESH-batch/port/tests/unit/test_mtf.c
cc -DLZMESH_SCALAR /Users/meganrowlinson/Projects/LZMESH-batch/port/tests/unit/test_p11_sb_clz.c
cc -DLZMESH_SCALAR /Users/meganrowlinson/Projects/LZMESH-batch/port/tests/unit/test_p12_w8_skip.c
cc -DLZMESH_SCALAR /Users/meganrowlinson/Projects/LZMESH-batch/port/tests/unit/test_p13_rank_msort.c
cc -DLZMESH_SCALAR /Users/meganrowlinson/Projects/LZMESH-batch/port/tests/unit/test_p2_tailsplit.c
cc -DLZMESH_SCALAR /Users/meganrowlinson/Projects/LZMESH-batch/port/tests/unit/test_p3n1_extend.c
cc -DLZMESH_SCALAR /Users/meganrowlinson/Projects/LZMESH-batch/port/tests/unit/test_p4n3_gate.c
cc -DLZMESH_SCALAR /Users/meganrowlinson/Projects/LZMESH-batch/port/tests/unit/test_p5_wordload.c
cc -DLZMESH_SCALAR /Users/meganrowlinson/Projects/LZMESH-batch/port/tests/unit/test_p6_mcopy.c
cc -DLZMESH_SCALAR /Users/meganrowlinson/Projects/LZMESH-batch/port/tests/unit/test_p6_u35acc.c
cc -DLZMESH_SCALAR /Users/meganrowlinson/Projects/LZMESH-batch/port/tests/unit/test_pm_diff.c
cc -DLZMESH_SCALAR /Users/meganrowlinson/Projects/LZMESH-batch/port/tests/unit/test_q2_splitemit.c
cc -DLZMESH_SCALAR /Users/meganrowlinson/Projects/LZMESH-batch/port/tests/unit/test_roundtrip.c
cc -DLZMESH_SCALAR /Users/meganrowlinson/Projects/LZMESH-batch/port/tests/unit/test_s3_padsim.c
