gated-bench start mode=AB-interleaved runs=5 reps=7 levels=all ncpu=8 pin=taskpolicy-t0l0 base=./bench/bench27tL5dL2-tippgo new=./bench/bench27tL5dL2-laypgo force=0 fakeload=none
WARMUP start mode=AB-interleaved base+new pair (discarded)
run W0: gate PASS load1=1.18 (thr 2x8=8*2) pin=taskpolicy-t0l0
run W0: bench exit=0 rows=168
WARMUP base rc=0 (discarded)
run W0: gate PASS load1=1.18 (thr 2x8=8*2) pin=taskpolicy-t0l0
run W0: bench exit=0 rows=168
WARMUP new rc=0 (discarded)
WARMUP done (discarded)
run 1: gate PASS load1=1.18 (thr 2x8=8*2) pin=taskpolicy-t0l0
run 1: bench exit=0 rows=168
run 1: gate PASS load1=1.18 (thr 2x8=8*2) pin=taskpolicy-t0l0
run 1: bench exit=0 rows=168
run 2: gate PASS load1=1.18 (thr 2x8=8*2) pin=taskpolicy-t0l0
run 2: bench exit=0 rows=168
run 2: gate PASS load1=1.18 (thr 2x8=8*2) pin=taskpolicy-t0l0
run 2: bench exit=0 rows=168
run 3: gate PASS load1=1.18 (thr 2x8=8*2) pin=taskpolicy-t0l0
run 3: bench exit=0 rows=168
run 3: gate PASS load1=1.18 (thr 2x8=8*2) pin=taskpolicy-t0l0
run 3: bench exit=0 rows=168
run 4: gate PASS load1=1.18 (thr 2x8=8*2) pin=taskpolicy-t0l0
run 4: bench exit=0 rows=168
run 4: gate PASS load1=1.18 (thr 2x8=8*2) pin=taskpolicy-t0l0
run 4: bench exit=0 rows=168
run 5: gate PASS load1=1.18 (thr 2x8=8*2) pin=taskpolicy-t0l0
run 5: bench exit=0 rows=168
run 5: gate PASS load1=1.24 (thr 2x8=8*2) pin=taskpolicy-t0l0
run 5: bench exit=0 rows=168
gated-bench DONE runs=5
